package main // <<<<< godoc,1,1,1,1,pass

import "fmt"

func main() {
	Exported()
}

// TODO: FUNC NEEDS COMMENT INFO
func Exported() {
	fmt.Println("Hello, Go")
}

// TODO: STRUCT/INTERFACE NEEDS COMMENT INFO
type Shaper interface {
}

// TODO: STRUCT/INTERFACE NEEDS COMMENT INFO
type Rectangle struct {
}

type square struct {
}

type circle interface {
}

// TODO: STRUCT/INTERFACE NEEDS COMMENT INFO
type Oval struct {
}
