package main // <<<<< godoc,1,1,1,1,pass

import "fmt"

func main() {
	Exported()
}

// Exported TODO: FUNC NEEDS COMMENT INFO
func Exported() {
	fmt.Println("Hello, Go")
}

// Shaper TODO: STRUCT/INTERFACE NEEDS COMMENT INFO
type Shaper interface {
}

// Rectangle TODO: STRUCT/INTERFACE NEEDS COMMENT INFO
type Rectangle struct {
}

type square struct {
}

type circle interface {
}

// Oval TODO: STRUCT/INTERFACE NEEDS COMMENT INFO
type Oval struct {
}

// A TODO: FUNC NEEDS COMMENT INFO
func A() { }

// B TODO: FUNC NEEDS COMMENT INFO
func B() { }

type alpha struct { }

// Beta TODO: STRUCT/INTERFACE NEEDS COMMENT INFO
type Beta struct { }

func c() { }

// D TODO: FUNC NEEDS COMMENT INFO
func D() { }
