package main // <<<<< godoc,1,1,1,1,pass

import "fmt"

func main() {
	Exported()
}

// Exported TODO: FUNC NEEDS COMMENT INFO
func Exported() {
  fmt.Println("Hello, Go")
}

// Shaper TODO: STRUCT/INTERFACE NEEDS COMMENT INFO
type Shaper interface {

}

// Rectangle TODO: STRUCT/INTERFACE NEEDS COMMENT INFO
type Rectangle struct {

}
